// Jest Snapshot v1, https://goo.gl/fbAQLP

exports[`should render the component 1`] = `"<div class=\\"application\\"><div class=\\"navbar-top\\"><nav class=\\"navbar navbar-default\\"><div class=\\"container-fluid\\"><div class=\\"navbar-header\\"><a href=\\"#home\\" class=\\"navbar-brand\\">EquityFlow</a></div></div></nav></div><div class=\\"content\\"><div class=\\"home\\"><table class=\\"monthly-expenses table table-hover\\"><thead><tr><th>Account</th><th>2017-09</th><th>2017-10</th><th>2017-11</th><th>2017-12</th><th>2018-01</th><th>Sum</th><th>Avg</th></tr></thead><tbody></tbody><tfoot><tr><td class=\\"category\\">Total</td><td class=\\"value\\">0</td><td class=\\"value\\">0</td><td class=\\"value\\">0</td><td class=\\"value\\">0</td><td class=\\"value\\">0</td><td class=\\"summary total\\">0</td><td class=\\"summary avg\\">0</td></tr></tfoot></table></div></div></div>"`;
