// Jest Snapshot v1, https://goo.gl/fbAQLP

exports[`Application render the component 1`] = `"<div><div class=\\"datepicker form-group has-feedback\\"><div><input type=\\"text\\" readonly=\\"\\" container=\\"[object Object]\\" value=\\"July 1, 2017 - February 8, 2018\\" class=\\"datepicker-input form-control\\"/><span class=\\"form-control-feedback glyphicon glyphicon-calendar\\"></span></div></div><div><table class=\\"table\\"><thead><tr><th>Account</th><th>2017-07</th><th>2017-08</th><th>2017-09</th><th>2017-10</th><th>2017-11</th><th>2017-12</th><th>2018-01</th><th>2018-02</th><th>Mean</th></tr></thead><tbody></tbody></table></div></div>"`;
